// Jest Snapshot v1, https://goo.gl/fbAQLP

exports[`<Typography /> Should render and match the snapshot 1`] = `
<span
  class="ant-typography"
>
  
</span>
`;
